<?xml version="1.0" encoding="utf-8"?><testsuites name="pytest tests"><testsuite name="pytest" errors="0" failures="0" skipped="0" tests="2" time="9.149" timestamp="2025-12-06T11:42:11.291580+08:00" hostname="Adonis2"><testcase classname="tests.unit.services.snipers.tools.prompt_articulation.test_components.TestPayloadGenerator" name="test_payload_generator_creation" time="0.166" /><testcase classname="tests.unit.services.snipers.tools.prompt_articulation.test_components.TestPayloadGenerator" name="test_articulated_payload_model" time="0.001" /></testsuite></testsuites>